// Jest Snapshot v1, https://goo.gl/fbAQLP

exports[`giphyApi getTrendingGifs 1`] = `undefined`;
