// Jest Snapshot v1, https://goo.gl/fbAQLP

exports[`GifView GifView should match snapshot 1`] = `
ShallowWrapper {
  "length": 1,
  Symbol(enzyme.__root__): [Circular],
  Symbol(enzyme.__unrendered__): <GifView
    favorite={false}
    gif={
        Object {
            "favorite": false,
            "id": "id",
            "original": "original",
            "title": "title",
            "url": "url",
          }
    }
    id="id"
    src="url"
/>,
  Symbol(enzyme.__renderer__): Object {
    "batchedUpdates": [Function],
    "getNode": [Function],
    "render": [Function],
    "simulateEvent": [Function],
    "unmount": [Function],
  },
  Symbol(enzyme.__node__): Object {
    "instance": null,
    "key": undefined,
    "nodeType": "class",
    "props": Object {
      "children": Array [
        <styled.img
          src="url"
/>,
        <Connect(Star)
          active={false}
          gif={
                    Object {
                              "favorite": false,
                              "id": "id",
                              "original": "original",
                              "title": "title",
                              "url": "url",
                            }
          }
          id="id"
/>,
      ],
    },
    "ref": null,
    "rendered": Array [
      Object {
        "instance": null,
        "key": undefined,
        "nodeType": "class",
        "props": Object {
          "src": "url",
        },
        "ref": null,
        "rendered": null,
        "type": [Function],
      },
      Object {
        "instance": null,
        "key": undefined,
        "nodeType": "class",
        "props": Object {
          "active": false,
          "gif": Object {
            "favorite": false,
            "id": "id",
            "original": "original",
            "title": "title",
            "url": "url",
          },
          "id": "id",
        },
        "ref": null,
        "rendered": null,
        "type": [Function],
      },
    ],
    "type": [Function],
  },
  Symbol(enzyme.__nodes__): Array [
    Object {
      "instance": null,
      "key": undefined,
      "nodeType": "class",
      "props": Object {
        "children": Array [
          <styled.img
            src="url"
/>,
          <Connect(Star)
            active={false}
            gif={
                        Object {
                                    "favorite": false,
                                    "id": "id",
                                    "original": "original",
                                    "title": "title",
                                    "url": "url",
                                  }
            }
            id="id"
/>,
        ],
      },
      "ref": null,
      "rendered": Array [
        Object {
          "instance": null,
          "key": undefined,
          "nodeType": "class",
          "props": Object {
            "src": "url",
          },
          "ref": null,
          "rendered": null,
          "type": [Function],
        },
        Object {
          "instance": null,
          "key": undefined,
          "nodeType": "class",
          "props": Object {
            "active": false,
            "gif": Object {
              "favorite": false,
              "id": "id",
              "original": "original",
              "title": "title",
              "url": "url",
            },
            "id": "id",
          },
          "ref": null,
          "rendered": null,
          "type": [Function],
        },
      ],
      "type": [Function],
    },
  ],
  Symbol(enzyme.__options__): Object {
    "adapter": ReactSixteenAdapter {
      "options": Object {
        "enableComponentDidUpdateOnSetState": true,
      },
    },
  },
}
`;
