// Jest Snapshot v1, https://goo.gl/fbAQLP

exports[`<SearchButton /> renders data correctly 1`] = `
<button
  className="sc-bdVaJa iJovzf"
/>
`;
