// Jest Snapshot v1, https://goo.gl/fbAQLP

exports[`ErrorWatcher should render correctly 1`] = `
<section
  className="sc-kAzzGY mksuQ"
/>
`;
