// Jest Snapshot v1, https://goo.gl/fbAQLP

exports[`test ListGifs Render render structure 1`] = `
<button
  className="sc-bwzfXH fXjREY"
  type="button"
/>
`;
