// Jest Snapshot v1, https://goo.gl/fbAQLP

exports[`test Navbar Render render structure 1`] = `
ShallowWrapper {
  "length": 1,
  Symbol(enzyme.__root__): [Circular],
  Symbol(enzyme.__unrendered__): <NavBar
    store={
        Object {
            "dispatch": [Function],
            "getState": [Function],
            "replaceReducer": [Function],
            "subscribe": [Function],
            Symbol(observable): [Function],
          }
    }
/>,
  Symbol(enzyme.__renderer__): Object {
    "batchedUpdates": [Function],
    "getNode": [Function],
    "render": [Function],
    "simulateEvent": [Function],
    "unmount": [Function],
  },
  Symbol(enzyme.__node__): Object {
    "instance": null,
    "key": undefined,
    "nodeType": "class",
    "props": Object {
      "children": Array [
        <styled.li>
          <Link
                    replace={false}
                    to="/"
          >
                    Home
          </Link>
</styled.li>,
        <styled.li>
          <Link
                    replace={false}
                    to="/favorites"
          >
                    Favorites
          </Link>
</styled.li>,
      ],
    },
    "ref": null,
    "rendered": Array [
      Object {
        "instance": null,
        "key": undefined,
        "nodeType": "class",
        "props": Object {
          "children": <Link
            replace={false}
            to="/"
>
            Home
</Link>,
        },
        "ref": null,
        "rendered": Object {
          "instance": null,
          "key": undefined,
          "nodeType": "class",
          "props": Object {
            "children": "Home",
            "replace": false,
            "to": "/",
          },
          "ref": null,
          "rendered": "Home",
          "type": [Function],
        },
        "type": [Function],
      },
      Object {
        "instance": null,
        "key": undefined,
        "nodeType": "class",
        "props": Object {
          "children": <Link
            replace={false}
            to="/favorites"
>
            Favorites
</Link>,
        },
        "ref": null,
        "rendered": Object {
          "instance": null,
          "key": undefined,
          "nodeType": "class",
          "props": Object {
            "children": "Favorites",
            "replace": false,
            "to": "/favorites",
          },
          "ref": null,
          "rendered": "Favorites",
          "type": [Function],
        },
        "type": [Function],
      },
    ],
    "type": [Function],
  },
  Symbol(enzyme.__nodes__): Array [
    Object {
      "instance": null,
      "key": undefined,
      "nodeType": "class",
      "props": Object {
        "children": Array [
          <styled.li>
            <Link
                        replace={false}
                        to="/"
            >
                        Home
            </Link>
</styled.li>,
          <styled.li>
            <Link
                        replace={false}
                        to="/favorites"
            >
                        Favorites
            </Link>
</styled.li>,
        ],
      },
      "ref": null,
      "rendered": Array [
        Object {
          "instance": null,
          "key": undefined,
          "nodeType": "class",
          "props": Object {
            "children": <Link
              replace={false}
              to="/"
>
              Home
</Link>,
          },
          "ref": null,
          "rendered": Object {
            "instance": null,
            "key": undefined,
            "nodeType": "class",
            "props": Object {
              "children": "Home",
              "replace": false,
              "to": "/",
            },
            "ref": null,
            "rendered": "Home",
            "type": [Function],
          },
          "type": [Function],
        },
        Object {
          "instance": null,
          "key": undefined,
          "nodeType": "class",
          "props": Object {
            "children": <Link
              replace={false}
              to="/favorites"
>
              Favorites
</Link>,
          },
          "ref": null,
          "rendered": Object {
            "instance": null,
            "key": undefined,
            "nodeType": "class",
            "props": Object {
              "children": "Favorites",
              "replace": false,
              "to": "/favorites",
            },
            "ref": null,
            "rendered": "Favorites",
            "type": [Function],
          },
          "type": [Function],
        },
      ],
      "type": [Function],
    },
  ],
  Symbol(enzyme.__options__): Object {
    "adapter": ReactSixteenAdapter {
      "options": Object {
        "enableComponentDidUpdateOnSetState": true,
      },
    },
  },
}
`;
