// Jest Snapshot v1, https://goo.gl/fbAQLP

exports[`App should render without crashing 1`] = `
<div>
  <Header />
  <styled.div>
    <Menu
      items={
        Array [
          Object {
            "component": [Function],
            "inMenu": true,
            "route": "trending-giphy",
            "title": "Trending",
          },
          Object {
            "component": [Function],
            "inMenu": true,
            "route": "favorites",
            "title": "My favorites",
          },
        ]
      }
    />
    <Switch>
      <Route
        component={[Function]}
        key="trending-giphy"
        path="/trending-giphy"
      />
      <Route
        component={[Function]}
        key="favorites"
        path="/favorites"
      />
      <Route
        component={[Function]}
        key="giphy/:giphyId"
        path="/giphy/:giphyId"
      />
    </Switch>
  </styled.div>
</div>
`;
