// Jest Snapshot v1, https://goo.gl/fbAQLP

exports[`Gif list styled components masonry container renders correctly 1`] = `
<div
  className="sc-bdVaJa kPXkrG"
>
  Child
</div>
`;
