// Jest Snapshot v1, https://goo.gl/fbAQLP

exports[`ElementsView should render without problems 1`] = `
<div>
  <h2>
    Type to search for gifs
  </h2>
  <h4>
    Main Gifs View!
  </h4>
  <div
    className="sc-EHOje gqTaLh"
  />
</div>
`;
