// Jest Snapshot v1, https://goo.gl/fbAQLP

exports[`Styled gif works 1`] = `
<div
  className="sc-bdVaJa jbzoYE"
/>
`;
