// Jest Snapshot v1, https://goo.gl/fbAQLP

exports[`TrendingContainer should render correctly 1`] = `
<styled.div>
  <withRouter(SearchBar) />
  <Menu
    location="/test"
  />
</styled.div>
`;
