// Jest Snapshot v1, https://goo.gl/fbAQLP

exports[`<ProfileAvatar /> renders data correctly 1`] = `
<img
  className="sc-htoDjs iOyEEs"
/>
`;
