// Jest Snapshot v1, https://goo.gl/fbAQLP

exports[`Detail tests 1 1`] = `
ShallowWrapper {
  "length": 1,
  Symbol(enzyme.__root__): [Circular],
  Symbol(enzyme.__unrendered__): <Detail
    fetching={true}
    getOneGif={[Function]}
    gifs={Array []}
    likeGif={[Function]}
    match={
        Object {
            "params": Object {
              "id": "nc5Uw8qkkUCvOXAwZo",
            },
          }
    }
    store={
        Object {
            "dispatch": [Function],
            "getState": [Function],
            "replaceReducer": [Function],
            "subscribe": [Function],
            Symbol(observable): [Function],
          }
    }
    storeSubscription={
        Subscription {
            "listeners": Object {
              "clear": [Function],
              "get": [Function],
              "notify": [Function],
              "subscribe": [Function],
            },
            "onStateChange": [Function],
            "parentSub": undefined,
            "store": Object {
              "dispatch": [Function],
              "getState": [Function],
              "replaceReducer": [Function],
              "subscribe": [Function],
              Symbol(observable): [Function],
            },
            "unsubscribe": [Function],
          }
    }
    unlikeGif={[Function]}
/>,
  Symbol(enzyme.__renderer__): Object {
    "batchedUpdates": [Function],
    "getNode": [Function],
    "render": [Function],
    "simulateEvent": [Function],
    "unmount": [Function],
  },
  Symbol(enzyme.__node__): Object {
    "instance": null,
    "key": undefined,
    "nodeType": "class",
    "props": Object {
      "children": "loading",
    },
    "ref": null,
    "rendered": "loading",
    "type": [Function],
  },
  Symbol(enzyme.__nodes__): Array [
    Object {
      "instance": null,
      "key": undefined,
      "nodeType": "class",
      "props": Object {
        "children": "loading",
      },
      "ref": null,
      "rendered": "loading",
      "type": [Function],
    },
  ],
  Symbol(enzyme.__options__): Object {
    "adapter": ReactSixteenAdapter {
      "options": Object {
        "enableComponentDidUpdateOnSetState": true,
      },
    },
  },
}
`;

exports[`Detail tests render 1`] = `
ShallowWrapper {
  "length": 1,
  Symbol(enzyme.__root__): [Circular],
  Symbol(enzyme.__unrendered__): <Detail
    fetching={true}
    getOneGif={[Function]}
    gifs={Array []}
    likeGif={[Function]}
    match={
        Object {
            "params": Object {
              "id": "nc5Uw8qkkUCvOXAwZo",
            },
          }
    }
    store={
        Object {
            "dispatch": [Function],
            "getState": [Function],
            "replaceReducer": [Function],
            "subscribe": [Function],
            Symbol(observable): [Function],
          }
    }
    storeSubscription={
        Subscription {
            "listeners": Object {
              "clear": [Function],
              "get": [Function],
              "notify": [Function],
              "subscribe": [Function],
            },
            "onStateChange": [Function],
            "parentSub": undefined,
            "store": Object {
              "dispatch": [Function],
              "getState": [Function],
              "replaceReducer": [Function],
              "subscribe": [Function],
              Symbol(observable): [Function],
            },
            "unsubscribe": [Function],
          }
    }
    unlikeGif={[Function]}
/>,
  Symbol(enzyme.__renderer__): Object {
    "batchedUpdates": [Function],
    "getNode": [Function],
    "render": [Function],
    "simulateEvent": [Function],
    "unmount": [Function],
  },
  Symbol(enzyme.__node__): Object {
    "instance": null,
    "key": undefined,
    "nodeType": "class",
    "props": Object {
      "children": "loading",
    },
    "ref": null,
    "rendered": "loading",
    "type": [Function],
  },
  Symbol(enzyme.__nodes__): Array [
    Object {
      "instance": null,
      "key": undefined,
      "nodeType": "class",
      "props": Object {
        "children": "loading",
      },
      "ref": null,
      "rendered": "loading",
      "type": [Function],
    },
  ],
  Symbol(enzyme.__options__): Object {
    "adapter": ReactSixteenAdapter {
      "options": Object {
        "enableComponentDidUpdateOnSetState": true,
      },
    },
  },
}
`;

exports[`Detail tests snapshot 1`] = `
ShallowWrapper {
  "length": 1,
  Symbol(enzyme.__root__): [Circular],
  Symbol(enzyme.__unrendered__): <Detail
    fetching={true}
    getOneGif={[Function]}
    gifs={Array []}
    likeGif={[Function]}
    match={
        Object {
            "params": Object {
              "id": "nc5Uw8qkkUCvOXAwZo",
            },
          }
    }
    store={
        Object {
            "dispatch": [Function],
            "getState": [Function],
            "replaceReducer": [Function],
            "subscribe": [Function],
            Symbol(observable): [Function],
          }
    }
    storeSubscription={
        Subscription {
            "listeners": Object {
              "clear": [Function],
              "get": [Function],
              "notify": [Function],
              "subscribe": [Function],
            },
            "onStateChange": [Function],
            "parentSub": undefined,
            "store": Object {
              "dispatch": [Function],
              "getState": [Function],
              "replaceReducer": [Function],
              "subscribe": [Function],
              Symbol(observable): [Function],
            },
            "unsubscribe": [Function],
          }
    }
    unlikeGif={[Function]}
/>,
  Symbol(enzyme.__renderer__): Object {
    "batchedUpdates": [Function],
    "getNode": [Function],
    "render": [Function],
    "simulateEvent": [Function],
    "unmount": [Function],
  },
  Symbol(enzyme.__node__): Object {
    "instance": null,
    "key": undefined,
    "nodeType": "class",
    "props": Object {
      "children": "loading",
    },
    "ref": null,
    "rendered": "loading",
    "type": [Function],
  },
  Symbol(enzyme.__nodes__): Array [
    Object {
      "instance": null,
      "key": undefined,
      "nodeType": "class",
      "props": Object {
        "children": "loading",
      },
      "ref": null,
      "rendered": "loading",
      "type": [Function],
    },
  ],
  Symbol(enzyme.__options__): Object {
    "adapter": ReactSixteenAdapter {
      "options": Object {
        "enableComponentDidUpdateOnSetState": true,
      },
    },
  },
}
`;

exports[`Detail tests snapshot 2`] = `
ShallowWrapper {
  "length": 1,
  Symbol(enzyme.__root__): [Circular],
  Symbol(enzyme.__unrendered__): <Detail
    fetching={true}
    getOneGif={[Function]}
    gifs={Array []}
    likeGif={[Function]}
    match={
        Object {
            "params": Object {
              "id": "nc5Uw8qkkUCvOXAwZo",
            },
          }
    }
    store={
        Object {
            "dispatch": [Function],
            "getState": [Function],
            "replaceReducer": [Function],
            "subscribe": [Function],
            Symbol(observable): [Function],
          }
    }
    storeSubscription={
        Subscription {
            "listeners": Object {
              "clear": [Function],
              "get": [Function],
              "notify": [Function],
              "subscribe": [Function],
            },
            "onStateChange": [Function],
            "parentSub": undefined,
            "store": Object {
              "dispatch": [Function],
              "getState": [Function],
              "replaceReducer": [Function],
              "subscribe": [Function],
              Symbol(observable): [Function],
            },
            "unsubscribe": [Function],
          }
    }
    unlikeGif={[Function]}
/>,
  Symbol(enzyme.__renderer__): Object {
    "batchedUpdates": [Function],
    "getNode": [Function],
    "render": [Function],
    "simulateEvent": [Function],
    "unmount": [Function],
  },
  Symbol(enzyme.__node__): Object {
    "instance": null,
    "key": undefined,
    "nodeType": "class",
    "props": Object {
      "children": "loading",
    },
    "ref": null,
    "rendered": "loading",
    "type": [Function],
  },
  Symbol(enzyme.__nodes__): Array [
    Object {
      "instance": null,
      "key": undefined,
      "nodeType": "class",
      "props": Object {
        "children": "loading",
      },
      "ref": null,
      "rendered": "loading",
      "type": [Function],
    },
  ],
  Symbol(enzyme.__options__): Object {
    "adapter": ReactSixteenAdapter {
      "options": Object {
        "enableComponentDidUpdateOnSetState": true,
      },
    },
  },
}
`;
