// Jest Snapshot v1, https://goo.gl/fbAQLP

exports[`SearchBar should render correctly 1`] = `
<form
  onSubmit={[Function]}
>
  <styled.input
    onChange={[Function]}
    placeholder="Search all the GIFs"
    value=""
  />
</form>
`;
