// Jest Snapshot v1, https://goo.gl/fbAQLP

exports[`PublicLayout should render without crashing 1`] = `
<div
  style={
    Object {
      "height": "100%",
    }
  }
>
  <Header />
  <div />
</div>
`;
